ΓÇ║ Building app...
To honour the JVM settings for this build a single-use Daemon process will be forked. For more on this, please refer to https://docs.gradle.org/8.14.3/userguide/gradle_daemon.html#sec:disabling_the_daemon in the Gradle documentation.
Daemon will be stopped at the end of the build 
Configuration on demand is an incubating feature.

> Configure project :expo-gradle-plugin:expo-autolinking-plugin
w: file:///C:/Users/USER/MiFedha/node_modules/expo-modules-autolinking/android/expo-gradle-plugin/expo-autolinking-plugin/build.gradle.kts:25:3: 'kotlinOptions(KotlinJvmOptionsDeprecated /* = KotlinJvmOptions */.() -> Unit): Unit' is deprecated. Please migrate to the compilerOptions DSL. More details are here: https://kotl.in/u1r8ln

> Configure project :expo-gradle-plugin:expo-autolinking-settings-plugin
w: file:///C:/Users/USER/MiFedha/node_modules/expo-modules-autolinking/android/expo-gradle-plugin/expo-autolinking-settings-plugin/build.gradle.kts:30:3: 'kotlinOptions(KotlinJvmOptionsDeprecated /* = KotlinJvmOptions */.() -> Unit): Unit' is deprecated. Please migrate to the compilerOptions DSL. More details are here: https://kotl.in/u1r8ln
npx : 
At line:1 char:1
+ npx expo run:android 2>&1 | Out-File -FilePath finalBuild.log -Encodi ...
+ ~~~~~~~~~~~~~~~~~~~~~~~~~
    + CategoryInfo          : NotSpecified: (:String) [], RemoteException
    + FullyQualifiedErrorId : NativeCommandError
 
FAILURE: Build failed with an exception.

* What went wrong:
Timeout waiting to lock build logic queue. It is currently in use by another 
Gradle instance.
Owner PID: 1336
Our PID: 2100
Owner Operation: 
Our operation: 
Lock file: C:\Users\USER\MiFedha\android\.gradle\noVersion\buildLogic.lock

* Try:
> Run with --stacktrace option to get the stack trace.
> Run with --info or --debug option to get more log output.
> Run with --scan to get full insights.
> Get more help at https://help.gradle.org.

BUILD FAILED in 6m 59s
Error: C:\Users\USER\MiFedha\android\gradlew.bat app:assembleDebug -x lint -x 
test --configure-on-demand --build-cache -PreactNativeDevServerPort=8081 
-PreactNativeArchitectures=armeabi-v7a exited with non-zero code: 1
Error: C:\Users\USER\MiFedha\android\gradlew.bat app:assembleDebug -x lint -x 
test --configure-on-demand --build-cache -PreactNativeDevServerPort=8081 
-PreactNativeArchitectures=armeabi-v7a exited with non-zero code: 1
    at ChildProcess.completionListener 
(C:\Users\USER\MiFedha\node_modules\@expo\spawn-async\src\spawnAsync.ts:67:13)
    at Object.onceWrapper (node:events:628:26)
    at ChildProcess.emit (node:events:513:28)
    at ChildProcess.cp.emit 
(C:\Users\USER\MiFedha\node_modules\cross-spawn\lib\enoent.js:34:29)
    at maybeClose (node:internal/child_process:1091:16)
    at Process.ChildProcess._handle.onexit (node:internal/child_process:302:5)
    ...
    at spawnAsync 
(C:\Users\USER\MiFedha\node_modules\@expo\spawn-async\src\spawnAsync.ts:28:21)
    at spawnGradleAsync (C:\Users\USER\MiFedha\node_modules\expo\node_modules\@
expo\cli\src\start\platforms\android\gradle.ts:134:28)
    at assembleAsync (C:\Users\USER\MiFedha\node_modules\expo\node_modules\@exp
o\cli\src\start\platforms\android\gradle.ts:83:16)
    at runAndroidAsync (C:\Users\USER\MiFedha\node_modules\expo\node_modules\@e
xpo\cli\src\run\android\runAndroidAsync.ts:62:24)
